[2025-11-03 11:56:08 -05] === INICIANDO PROCESO DE LIMPIEZA DE LOGS ===
[2025-11-03 11:56:08 -05] Iniciando validaciones de seguridad...
[2025-11-03 11:56:09 -05] SUCCESS: Validaciones de seguridad completadas
[2025-11-03 11:56:09 -05] Analizando estado actual de logs...
[2025-11-03 11:56:09 -05] Análisis completado - Tamaño: 13M, Líneas: 32624
[2025-11-03 11:56:09 -05] Verificando configuración de logs de Docker...
[2025-11-03 11:56:09 -05] SUCCESS: Configuración de rotación de Docker verificada correctamente
[2025-11-03 11:56:09 -05] Iniciando limpieza de logs antiguos (>7 días)...
[2025-11-03 11:56:10 -05] Eliminando archivo antiguo: debug.log (0)
[2025-11-03 11:56:10 -05] SUCCESS: Archivo eliminado: debug.log
[2025-11-03 11:56:10 -05] Eliminando archivo antiguo: debug.log (0)
[2025-11-03 11:56:10 -05] SUCCESS: Archivo eliminado: debug.log
[2025-11-03 11:56:10 -05] Eliminando archivo antiguo: debug.log (0)
[2025-11-03 11:56:10 -05] SUCCESS: Archivo eliminado: debug.log
[2025-11-03 11:56:10 -05] Eliminando archivo antiguo: debug.log (0)
[2025-11-03 11:56:10 -05] SUCCESS: Archivo eliminado: debug.log
[2025-11-03 11:56:10 -05] Eliminando archivo antiguo: debug.log (0)
[2025-11-03 11:56:10 -05] SUCCESS: Archivo eliminado: debug.log
[2025-11-03 11:56:10 -05] Eliminando archivo antiguo: debug.log (0)
[2025-11-03 11:56:10 -05] SUCCESS: Archivo eliminado: debug.log
[2025-11-03 11:56:10 -05] Limpieza completada - Archivos encontrados: 7, Eliminados: 6
[2025-11-03 11:56:10 -05] SUCCESS: Reporte generado: cleanup-report-20251103_115610.txt
[2025-11-03 11:56:10 -05] SUCCESS: === PROCESO DE LIMPIEZA COMPLETADO ===
