[2025-08-27 15:10:06] merlin-logger.DEBUG: The welcome step has been displayed [] []
[2025-08-27 16:14:52] merlin-logger.DEBUG: The welcome step has been displayed [] []
[2025-08-27 16:14:57] merlin-logger.DEBUG: The license activation step has been displayed [] []
[2025-08-27 16:15:06] merlin-logger.DEBUG: The plugin installation step has been displayed [] []
[2025-08-27 16:15:12] merlin-logger.DEBUG: A plugin with the following data will be processed {"plugin_slug":"case-addons","message":"Installing"} []
[2025-08-27 16:15:25] merlin-logger.DEBUG: A plugin with the following data was processed {"plugin_slug":"case-addons"} []
[2025-08-27 16:15:25] merlin-logger.DEBUG: A plugin with the following data will be processed {"plugin_slug":"contact-form-7","message":"Installing"} []
[2025-08-27 16:15:37] merlin-logger.DEBUG: A plugin with the following data was processed {"plugin_slug":"contact-form-7"} []
[2025-08-27 16:15:38] merlin-logger.DEBUG: A plugin with the following data will be processed {"plugin_slug":"elementor","message":"Installing"} []
[2025-08-27 16:16:44] merlin-logger.DEBUG: A plugin with the following data was processed {"plugin_slug":"elementor"} []
[2025-08-27 16:16:46] merlin-logger.DEBUG: A plugin with the following data will be processed {"plugin_slug":"mailchimp-for-wp","message":"Installing"} []
[2025-08-27 16:17:03] merlin-logger.DEBUG: A plugin with the following data was processed {"plugin_slug":"mailchimp-for-wp"} []
[2025-08-27 16:17:05] merlin-logger.DEBUG: A plugin with the following data will be processed {"plugin_slug":"redux-framework","message":"Installing"} []
[2025-08-27 16:17:41] merlin-logger.DEBUG: A plugin with the following data was processed {"plugin_slug":"redux-framework"} []
[2025-08-27 16:17:51] merlin-logger.DEBUG: A plugin with the following data will be processed {"plugin_slug":"revslider","message":"Installing"} []
[2025-08-27 16:19:00] merlin-logger.DEBUG: A plugin with the following data was processed {"plugin_slug":"revslider"} []
[2025-08-27 16:19:17] merlin-logger.DEBUG: A plugin with the following data was processed {"plugin_slug":"revslider"} []
[2025-08-27 16:19:27] merlin-logger.DEBUG: A plugin with the following data will be processed {"plugin_slug":"woocommerce","message":"Activating"} []
[2025-08-27 16:20:13] merlin-logger.DEBUG: A plugin with the following data was processed {"plugin_slug":"woocommerce"} []
[2025-08-27 16:20:27] merlin-logger.DEBUG: A plugin with the following data will be processed {"plugin_slug":"woo-smart-compare","message":"Installing"} []
[2025-08-27 16:21:14] merlin-logger.DEBUG: A plugin with the following data was processed {"plugin_slug":"woo-smart-compare"} []
[2025-08-27 16:21:29] merlin-logger.DEBUG: A plugin with the following data will be processed {"plugin_slug":"easy-login-woocommerce","message":"Installing"} []
[2025-08-27 16:22:13] merlin-logger.DEBUG: A plugin with the following data was processed {"plugin_slug":"easy-login-woocommerce"} []
[2025-08-27 16:22:28] merlin-logger.DEBUG: A plugin with the following data will be processed {"plugin_slug":"woo-smart-quick-view","message":"Installing"} []
[2025-08-27 16:23:09] merlin-logger.DEBUG: A plugin with the following data was processed {"plugin_slug":"woo-smart-quick-view"} []
[2025-08-27 16:23:26] merlin-logger.DEBUG: A plugin with the following data will be processed {"plugin_slug":"woo-smart-wishlist","message":"Installing"} []
[2025-08-27 16:24:07] merlin-logger.DEBUG: A plugin with the following data was processed {"plugin_slug":"woo-smart-wishlist"} []
[2025-08-27 16:24:29] merlin-logger.DEBUG: The content import step has been displayed [] []
[2025-08-27 16:29:45] merlin-logger.DEBUG: The final step has been displayed [] []
[2025-08-27 17:12:18] merlin-logger.DEBUG: The welcome step has been displayed [] []
[2025-08-27 17:12:22] merlin-logger.DEBUG: The license activation step has been displayed [] []
[2025-08-27 17:12:25] merlin-logger.DEBUG: The plugin installation step has been displayed [] []
[2025-08-27 17:12:33] merlin-logger.DEBUG: A plugin with the following data will be processed {"plugin_slug":"case-addons","message":"Activating"} []
[2025-08-27 17:12:34] merlin-logger.DEBUG: A plugin with the following data was processed {"plugin_slug":"case-addons"} []
[2025-08-27 17:12:34] merlin-logger.DEBUG: A plugin with the following data will be processed {"plugin_slug":"contact-form-7","message":"Activating"} []
[2025-08-27 17:12:36] merlin-logger.DEBUG: A plugin with the following data was processed {"plugin_slug":"contact-form-7"} []
[2025-08-27 17:12:36] merlin-logger.DEBUG: A plugin with the following data will be processed {"plugin_slug":"elementor","message":"Activating"} []
[2025-08-27 17:12:41] merlin-logger.DEBUG: A plugin with the following data was processed {"plugin_slug":"elementor"} []
[2025-08-27 17:12:44] merlin-logger.DEBUG: A plugin with the following data will be processed {"plugin_slug":"mailchimp-for-wp","message":"Activating"} []
[2025-08-27 17:12:51] merlin-logger.DEBUG: A plugin with the following data was processed {"plugin_slug":"mailchimp-for-wp"} []
[2025-08-27 17:12:53] merlin-logger.DEBUG: A plugin with the following data will be processed {"plugin_slug":"redux-framework","message":"Activating"} []
[2025-08-27 17:13:04] merlin-logger.DEBUG: A plugin with the following data was processed {"plugin_slug":"redux-framework"} []
[2025-08-27 17:13:10] merlin-logger.DEBUG: A plugin with the following data will be processed {"plugin_slug":"revslider","message":"Activating"} []
[2025-08-27 17:13:30] merlin-logger.DEBUG: A plugin with the following data was processed {"plugin_slug":"revslider"} []
[2025-08-27 17:13:47] merlin-logger.DEBUG: A plugin with the following data was processed {"plugin_slug":"revslider"} []
[2025-08-27 17:13:53] merlin-logger.DEBUG: A plugin with the following data will be processed {"plugin_slug":"woocommerce","message":"Activating"} []
[2025-08-27 17:14:26] merlin-logger.DEBUG: A plugin with the following data was processed {"plugin_slug":"woocommerce"} []
[2025-08-27 17:14:43] merlin-logger.DEBUG: A plugin with the following data will be processed {"plugin_slug":"woo-smart-compare","message":"Activating"} []
[2025-08-27 17:15:15] merlin-logger.DEBUG: A plugin with the following data was processed {"plugin_slug":"woo-smart-compare"} []
[2025-08-27 17:15:28] merlin-logger.DEBUG: A plugin with the following data will be processed {"plugin_slug":"easy-login-woocommerce","message":"Activating"} []
[2025-08-27 17:15:59] merlin-logger.DEBUG: A plugin with the following data was processed {"plugin_slug":"easy-login-woocommerce"} []
[2025-08-27 17:16:12] merlin-logger.DEBUG: A plugin with the following data will be processed {"plugin_slug":"woo-smart-quick-view","message":"Activating"} []
[2025-08-27 17:16:43] merlin-logger.DEBUG: A plugin with the following data was processed {"plugin_slug":"woo-smart-quick-view"} []
[2025-08-27 17:16:59] merlin-logger.DEBUG: A plugin with the following data will be processed {"plugin_slug":"woo-smart-wishlist","message":"Activating"} []
[2025-08-27 17:17:30] merlin-logger.DEBUG: A plugin with the following data was processed {"plugin_slug":"woo-smart-wishlist"} []
[2025-08-27 17:17:45] merlin-logger.DEBUG: The content import step has been displayed [] []
[2025-08-27 17:20:15] merlin-logger.DEBUG: The final step has been displayed [] []
[2025-08-28 00:17:34] merlin-logger.DEBUG: The welcome step has been displayed [] []
[2025-08-28 00:17:39] merlin-logger.DEBUG: The license activation step has been displayed [] []
[2025-08-28 00:17:43] merlin-logger.DEBUG: The plugin installation step has been displayed [] []
[2025-08-28 00:17:46] merlin-logger.DEBUG: The content import step has been displayed [] []
[2025-08-28 00:17:51] merlin-logger.DEBUG: The final step has been displayed [] []
[2025-09-06 02:19:49] merlin-logger.DEBUG: The welcome step has been displayed [] []
[2025-09-06 02:19:54] merlin-logger.DEBUG: The license activation step has been displayed [] []
[2025-09-06 02:34:44] merlin-logger.DEBUG: The welcome step has been displayed [] []
[2025-09-06 02:34:52] merlin-logger.DEBUG: The license activation step has been displayed [] []
[2025-09-06 02:34:55] merlin-logger.DEBUG: The plugin installation step has been displayed [] []
[2025-09-06 02:34:59] merlin-logger.DEBUG: A plugin with the following data will be processed {"plugin_slug":"case-addons","message":"Activating"} []
[2025-09-06 02:35:02] merlin-logger.DEBUG: A plugin with the following data was processed {"plugin_slug":"case-addons"} []
[2025-09-06 02:35:02] merlin-logger.DEBUG: A plugin with the following data will be processed {"plugin_slug":"contact-form-7","message":"Activating"} []
[2025-09-06 02:35:10] merlin-logger.DEBUG: A plugin with the following data was processed {"plugin_slug":"contact-form-7"} []
[2025-09-06 02:35:11] merlin-logger.DEBUG: A plugin with the following data will be processed {"plugin_slug":"elementor","message":"Activating"} []
[2025-09-06 02:35:34] merlin-logger.DEBUG: A plugin with the following data was processed {"plugin_slug":"elementor"} []
[2025-09-06 02:35:38] merlin-logger.DEBUG: A plugin with the following data will be processed {"plugin_slug":"mailchimp-for-wp","message":"Updating"} []
[2025-09-06 02:36:11] merlin-logger.DEBUG: A plugin with the following data was processed {"plugin_slug":"mailchimp-for-wp"} []
[2025-09-06 02:36:14] merlin-logger.DEBUG: A plugin with the following data will be processed {"plugin_slug":"redux-framework","message":"Activating"} []
[2025-09-06 02:36:33] merlin-logger.DEBUG: A plugin with the following data was processed {"plugin_slug":"redux-framework"} []
[2025-09-06 02:36:42] merlin-logger.DEBUG: A plugin with the following data will be processed {"plugin_slug":"revslider","message":"Activating"} []
[2025-09-06 02:37:12] merlin-logger.DEBUG: A plugin with the following data was processed {"plugin_slug":"revslider"} []
[2025-09-06 02:37:35] merlin-logger.DEBUG: A plugin with the following data was processed {"plugin_slug":"revslider"} []
[2025-09-06 02:37:45] merlin-logger.DEBUG: A plugin with the following data will be processed {"plugin_slug":"woocommerce","message":"Activating"} []
[2025-09-06 02:38:40] merlin-logger.DEBUG: A plugin with the following data was processed {"plugin_slug":"woocommerce"} []
[2025-09-06 02:38:59] merlin-logger.DEBUG: A plugin with the following data will be processed {"plugin_slug":"woo-smart-compare","message":"Activating"} []
[2025-09-06 02:39:45] merlin-logger.DEBUG: A plugin with the following data was processed {"plugin_slug":"woo-smart-compare"} []
[2025-09-06 02:40:03] merlin-logger.DEBUG: A plugin with the following data will be processed {"plugin_slug":"easy-login-woocommerce","message":"Activating"} []
[2025-09-06 02:40:44] merlin-logger.DEBUG: A plugin with the following data was processed {"plugin_slug":"easy-login-woocommerce"} []
[2025-09-06 02:41:05] merlin-logger.DEBUG: A plugin with the following data will be processed {"plugin_slug":"woo-smart-quick-view","message":"Activating"} []
[2025-09-06 02:41:46] merlin-logger.DEBUG: A plugin with the following data was processed {"plugin_slug":"woo-smart-quick-view"} []
[2025-09-06 02:42:03] merlin-logger.DEBUG: A plugin with the following data will be processed {"plugin_slug":"woo-smart-wishlist","message":"Activating"} []
[2025-09-06 02:42:40] merlin-logger.DEBUG: A plugin with the following data was processed {"plugin_slug":"woo-smart-wishlist"} []
[2025-09-06 02:43:03] merlin-logger.DEBUG: The content import step has been displayed [] []
[2025-09-06 02:46:31] merlin-logger.DEBUG: The final step has been displayed [] []
